TAP version 13
# Crawling internal assets
ok 1 load dist/index.html
ok 2 load dist/aad9d51e01a0dcc2caf5bee43dc8e647.svg
ok 3 load dist/e0b5805d423a4ec9473ee315250968b2.svg
ok 4 load dist/57c717e75066b659cfe19dc2a643153c.svg
ok 5 load dist/d19378a95ebe6b15d5ddea281138dcf4.svg
ok 6 load dist/7052446b5e67df4434f4031afd2f1497.svg
ok 7 load dist/7ebb1b3901ce119694f65e04f6347ef5.svg
ok 8 load dist
ok 9 load dist/concepts
ok 10 load dist/contribute
ok 11 load dist/vote
ok 12 load dist/guides/getting-started
ok 13 load dist/guides/getting-started
ok 14 load dist/organization
ok 15 load dist/starter-kits
ok 16 load dist/comparison
ok 17 load dist/glossary
ok 18 load dist/branding
ok 19 load dist/license
ok 20 load dist/bc3effb418df77da9e04825c48a58a49.ico
ok 21 load dist/vote/index.html
ok 22 load dist/contribute/index.html
ok 23 load dist/license/index.html
ok 24 load dist/comparison/index.html
ok 25 load dist/3ed964020321163902db.css
ok 26 load dist/concepts/index.html
ok 27 load dist/branding/index.html
ok 28 load dist/glossary/index.html
ok 29 load dist/starter-kits/index.html
ok 30 load dist/guides/getting-started/index.html
ok 31 load dist/contribute/writers-guide
ok 32 load dist/contribute/writing-a-loader
ok 33 load dist/contribute/writing-a-scaffold
ok 34 load dist/contribute/writing-a-plugin
ok 35 load dist/contribute/plugin-patterns
ok 36 load dist/contribute/release-process
ok 37 load dist/contribute/debugging
ok 38 load dist/writers-guide
ok 39 load dist/bf176a25b4f8227fea804854c98dc5e2.png
ok 40 load dist/branding
ok 41 load dist/comparison
ok 42 load dist/glossary
ok 43 load dist/1ebd0482aadade65f20ec178219fe012.woff2
ok 44 load dist/concepts/entry-points
ok 45 load dist/concepts/output
ok 46 load dist/concepts/mode
ok 47 load dist/concepts/loaders
ok 48 load dist/314bbcd238d458622bbf32427346774f.woff
ok 49 load dist/organization/index.html
ok 50 load dist/concepts/plugins
ok 51 load dist/concepts/configuration
ok 52 load dist/concepts/modules
ok 53 load dist/concepts/why-webpack
ok 54 load dist/concepts/module-resolution
ok 55 load dist/concepts/dependency-graph
ok 56 load dist/concepts/manifest
ok 57 load dist/concepts/targets
ok 58 load dist/concepts/hot-module-replacement
ok 59 load dist/concepts/dependency-graph
ok 60 load dist/configuration
ok 61 load dist/configuration/output
ok 62 load dist/api/plugins
ok 63 load dist/plugins
ok 64 load dist/assets/icon-square-small-slack.png
ok 65 load dist/guides/shimming
ok 66 load dist/loaders/style-loader
ok 67 load dist/guides/asset-management
ok 68 load dist/loaders/url-loader
ok 69 load dist/guides/code-splitting
ok 70 load dist/guides/code-splitting
ok 71 load dist/concepts/configuration
ok 72 load dist/concepts/module-resolution
ok 73 load dist/guides/dependency-management
ok 74 load dist/configuration/target
ok 75 load dist/guides/tree-shaking
ok 76 load dist/concepts/entry-points
ok 77 load dist/guides/caching
ok 78 load dist/guides
ok 79 load dist/guides/asset-management
ok 80 load dist/guides/development
ok 81 load dist/vendor.bundle.js
ok 82 load dist/guides/caching
ok 83 load dist/guides/author-libraries
ok 84 load dist/guides/environment-variables
ok 85 load dist/guides/build-performance
ok 86 load dist/guides/csp
ok 87 load dist/guides/development-vagrant
ok 88 load dist/guides/dependency-management
ok 89 load dist/guides/installation
ok 90 load dist/guides/scaffolding
ok 91 load dist/guides/output-management
ok 92 load dist/guides/hot-module-replacement
ok 93 load dist/guides/tree-shaking
ok 94 load dist/guides/production
ok 95 load dist/guides/lazy-loading
ok 96 load dist/guides/shimming
ok 97 load dist/guides/typescript
ok 98 load dist/guides/progressive-web-application
ok 99 load dist/guides/public-path
ok 100 load dist/guides/integrations
ok 101 load dist/api/cli
ok 102 load dist/api/node
ok 103 load dist/api/module-methods
ok 104 load dist/loaders
ok 105 load dist/concepts/loaders
ok 106 load dist/api
ok 107 load dist/contribute/writers-guide/index.html
ok 108 load dist/contribute/release-process/index.html
ok 109 load dist/contribute/plugin-patterns/index.html
ok 110 load dist/writers-guide/index.html
ok 111 load dist/concepts/output/index.html
ok 112 load dist/contribute/debugging/index.html
ok 113 load dist/contribute/writing-a-plugin/index.html
ok 114 load dist/contribute/writing-a-loader/index.html
ok 115 load dist/concepts/entry-points/index.html
ok 116 load dist/concepts/mode/index.html
ok 117 load dist/concepts/loaders/index.html
ok 118 load dist/contribute/writing-a-scaffold/index.html
ok 119 load https://fonts.googleapis.com/css?family=Source+Code+Pro:400,600|Source+Sans+Pro:400,400i,600
ok 120 load dist/index.bundle.js
ok 121 load https://img.shields.io/npm/v/webpack.svg?label=webpack&style=flat-square&maxAge=3600
ok 122 load https://img.shields.io/github/commits-since/webpack/memory-fs/master%40%7B1%20week%20ago%7D.svg?label=1w&style=flat-square&maxAge=3600
ok 123 load https://img.shields.io/github/commits-since/webpack/memory-fs/master%40%7B3%20months%20ago%7D.svg?label=3m&style=flat-square&maxAge=3600
ok 124 load https://img.shields.io/github/stars/webpack/memory-fs.svg?label=%E2%9C%AD&style=flat-square&maxAge=3600
ok 125 load https://img.shields.io/github/commits-since/webpack/memory-fs/master%40%7B6%20months%20ago%7D.svg?label=6m&style=flat-square&maxAge=3600
ok 126 load https://img.shields.io/github/issues-pr-raw/webpack/memory-fs.svg?label=prs&style=flat-square&maxAge=3600
ok 127 load https://img.shields.io/npm/dm/webpack.svg?label=npm&style=flat-square&maxAge=3600
ok 128 load https://img.shields.io/github/stars/webpack/webpack.svg?label=%E2%9C%AD&style=flat-square&maxAge=3600
ok 129 load https://img.shields.io/github/commits-since/webpack/memory-fs/master%40%7B1%20month%20ago%7D.svg?label=1m&style=flat-square&maxAge=3600
ok 130 load https://img.shields.io/npm/dm/memory-fs.svg?label=npm&style=flat-square&maxAge=3600
ok 131 load https://img.shields.io/github/commits-since/webpack/webpack/master%40%7B1%20week%20ago%7D.svg?label=1w&style=flat-square&maxAge=3600
ok 132 load https://img.shields.io/github/issues-raw/webpack/memory-fs.svg?label=issues&style=flat-square&maxAge=3600
ok 133 load https://img.shields.io/github/issues-raw/webpack/webpack.svg?label=issues&style=flat-square&maxAge=3600
ok 134 load https://img.shields.io/github/commits-since/webpack/webpack/master%40%7B1%20month%20ago%7D.svg?label=1m&style=flat-square&maxAge=3600
ok 135 load https://img.shields.io/github/issues-pr-raw/webpack/webpack.svg?label=prs&style=flat-square&maxAge=3600
ok 136 load https://img.shields.io/github/commits-since/webpack/loader-utils/master%40%7B1%20month%20ago%7D.svg?label=1m&style=flat-square&maxAge=3600
ok 137 load https://img.shields.io/npm/dm/loader-utils.svg?label=npm&style=flat-square&maxAge=3600
ok 138 load https://img.shields.io/github/stars/webpack/loader-utils.svg?label=%E2%9C%AD&style=flat-square&maxAge=3600
ok 139 load https://img.shields.io/github/commits-since/webpack/loader-utils/master%40%7B1%20week%20ago%7D.svg?label=1w&style=flat-square&maxAge=3600
ok 140 load https://img.shields.io/github/commits-since/webpack/loader-utils/master%40%7B6%20months%20ago%7D.svg?label=6m&style=flat-square&maxAge=3600
ok 141 load https://img.shields.io/github/commits-since/webpack/loader-utils/master%40%7B3%20months%20ago%7D.svg?label=3m&style=flat-square&maxAge=3600
ok 142 load https://img.shields.io/github/stars/webpack/source-list-map.svg?label=%E2%9C%AD&style=flat-square&maxAge=3600
ok 143 load https://img.shields.io/github/commits-since/webpack/source-list-map/master%40%7B3%20months%20ago%7D.svg?label=3m&style=flat-square&maxAge=3600
ok 144 load https://img.shields.io/github/commits-since/webpack/source-list-map/master%40%7B6%20months%20ago%7D.svg?label=6m&style=flat-square&maxAge=3600
ok 145 load https://img.shields.io/github/commits-since/webpack/source-list-map/master%40%7B1%20month%20ago%7D.svg?label=1m&style=flat-square&maxAge=3600
ok 146 load https://img.shields.io/github/issues-pr-raw/webpack/loader-utils.svg?label=prs&style=flat-square&maxAge=3600
ok 147 load https://img.shields.io/github/commits-since/webpack/webpack/master%40%7B6%20months%20ago%7D.svg?label=6m&style=flat-square&maxAge=3600
ok 148 load https://img.shields.io/npm/dm/source-list-map.svg?label=npm&style=flat-square&maxAge=3600
ok 149 load https://img.shields.io/github/commits-since/webpack/webpack/master%40%7B3%20months%20ago%7D.svg?label=3m&style=flat-square&maxAge=3600
ok 150 load https://img.shields.io/github/issues-raw/webpack/loader-utils.svg?label=issues&style=flat-square&maxAge=3600
ok 151 load https://img.shields.io/github/commits-since/webpack/source-list-map/master%40%7B1%20week%20ago%7D.svg?label=1w&style=flat-square&maxAge=3600
ok 152 load https://img.shields.io/github/issues-raw/webpack/source-list-map.svg?label=issues&style=flat-square&maxAge=3600
ok 153 load https://img.shields.io/github/stars/webpack/enhanced-resolve.svg?label=%E2%9C%AD&style=flat-square&maxAge=3600
ok 154 load https://img.shields.io/github/issues-pr-raw/webpack/source-list-map.svg?label=prs&style=flat-square&maxAge=3600
ok 155 load https://img.shields.io/github/commits-since/webpack/enhanced-resolve/master%40%7B6%20months%20ago%7D.svg?label=6m&style=flat-square&maxAge=3600
ok 156 load https://img.shields.io/github/commits-since/webpack/enhanced-resolve/master%40%7B1%20month%20ago%7D.svg?label=1m&style=flat-square&maxAge=3600
ok 157 load https://img.shields.io/github/commits-since/webpack/enhanced-resolve/master%40%7B3%20months%20ago%7D.svg?label=3m&style=flat-square&maxAge=3600
ok 158 load https://img.shields.io/github/commits-since/webpack/enhanced-resolve/master%40%7B1%20week%20ago%7D.svg?label=1w&style=flat-square&maxAge=3600
ok 159 load https://img.shields.io/github/issues-pr-raw/webpack/enhanced-resolve.svg?label=prs&style=flat-square&maxAge=3600
ok 160 load https://img.shields.io/github/stars/webpack/tapable.svg?label=%E2%9C%AD&style=flat-square&maxAge=3600
ok 161 load https://img.shields.io/npm/dm/enhanced-resolve.svg?label=npm&style=flat-square&maxAge=3600
ok 162 load https://img.shields.io/github/issues-raw/webpack/enhanced-resolve.svg?label=issues&style=flat-square&maxAge=3600
ok 163 load https://img.shields.io/github/commits-since/webpack/tapable/master%40%7B1%20month%20ago%7D.svg?label=1m&style=flat-square&maxAge=3600
ok 164 load https://img.shields.io/github/commits-since/webpack/tapable/master%40%7B3%20months%20ago%7D.svg?label=3m&style=flat-square&maxAge=3600
ok 165 load https://img.shields.io/npm/dm/watchpack.svg?label=npm&style=flat-square&maxAge=3600
