// Jest Snapshot v1, https://jestjs.io/docs/snapshot-testing

exports[`Container renders correctly with children and className 1`] = `
<div
  class="w-full max-w-screen-lg mx-auto test-class"
>
  <p>
    Child content
  </p>
</div>
`;

exports[`Container renders correctly without className 1`] = `
<div
  class="w-full max-w-screen-lg mx-auto "
>
  <span>
    Simple child
  </span>
</div>
`;
