// Jest Snapshot v1, https://jestjs.io/docs/snapshot-testing

exports[`OfflineBanner renders the offline banner when offline 1`] = `
<div
  aria-live="polite"
  className="offline-banner"
  data-testid="offline-banner"
  role="status"
>
  <div
    className="offline-banner__content"
  >
    <svg
      aria-hidden="true"
      className="offline-banner__icon"
      viewBox="0 0 24 24"
      xmlns="http://www.w3.org/2000/svg"
    >
      <path
        d="M12 2C6.48 2 2 6.48 2 12s4.48 10 10 10 10-4.48 10-10S17.52 2 12 2zm1 15h-2v-2h2v2zm0-4h-2V7h2v6z"
      />
    </svg>
    <span
      className="offline-banner__text"
    >
      You are currently offline. Some features may be unavailable.
    </span>
  </div>
</div>
`;

exports[`OfflineBanner shows banner when window goes offline 1`] = `
<div
  aria-live="polite"
  className="offline-banner"
  data-testid="offline-banner"
  role="status"
>
  <div
    className="offline-banner__content"
  >
    <svg
      aria-hidden="true"
      className="offline-banner__icon"
      viewBox="0 0 24 24"
      xmlns="http://www.w3.org/2000/svg"
    >
      <path
        d="M12 2C6.48 2 2 6.48 2 12s4.48 10 10 10 10-4.48 10-10S17.52 2 12 2zm1 15h-2v-2h2v2zm0-4h-2V7h2v6z"
      />
    </svg>
    <span
      className="offline-banner__text"
    >
      You are currently offline. Some features may be unavailable.
    </span>
  </div>
</div>
`;
