// Jest Snapshot v1, https://goo.gl/fbAQLP

exports[`cleanup readme should clean up div[align="center"] block with paragraph 1`] = `
"/* @jsxRuntime classic */
/* @jsx mdx */
/* @jsxFrag mdx.Fragment */
const MDXLayout = \\"wrapper\\";
function MDXContent({components, ...props}) {
  return <MDXLayout components={components} {...props}><div align=\\"center\\"><p parentName=\\"div\\"><h1 parentName=\\"p\\">{\\"Imagemin Webpack\\"}</h1></p><p parentName=\\"div\\"><p parentName=\\"p\\">{\\"Plugin and Loader for \\"}<a href=\\"http://webpack.js.org/\\" parentName=\\"p\\">{\\"webpack\\"}</a>{\\" to optimize (compress) all images using \\"}<a href=\\"https://github.com/imagemin/imagemin\\" parentName=\\"p\\">{\\"imagemin\\"}</a>{\\".\\\\nDo not worry about size of images, now they are always optimized/compressed.\\"}</p></p></div></MDXLayout>;
}
MDXContent.isMDXComponent = true;
export default MDXContent;
"
`;

exports[`cleanup readme should clean up div[align="center"] block without paragraph 1`] = `
"/* @jsxRuntime classic */
/* @jsx mdx */
/* @jsxFrag mdx.Fragment */
const MDXLayout = \\"wrapper\\";
function MDXContent({components, ...props}) {
  return <MDXLayout components={components} {...props}><div align=\\"center\\" /></MDXLayout>;
}
MDXContent.isMDXComponent = true;
export default MDXContent;
"
`;

exports[`cleanup readme should clean up nested div[align="center"] block  1`] = `
"/* @jsxRuntime classic */
/* @jsx mdx */
/* @jsxFrag mdx.Fragment */
const MDXLayout = \\"wrapper\\";
function MDXContent({components, ...props}) {
  return <MDXLayout components={components} {...props}><div align=\\"center\\" /></MDXLayout>;
}
MDXContent.isMDXComponent = true;
export default MDXContent;
"
`;
