// Jest Snapshot v1, https://jestjs.io/docs/snapshot-testing

exports[`PageNotFound renders correctly 1`] = `
<div
  class="page markdown"
>
  <h1>
    Page Not Found
  </h1>
  <p>
    Oops! The page you are looking for has been removed or relocated.
  </p>
  <a
    class="no-underline inline-block py-[3px] px-[5px] text-[1.1rem] rounded-[5px] w-auto border border-[#175d96] text-[#175d96] hover:bg-[#175d96] hover:text-white"
    data-discover="true"
    href="/"
  >
    Go to Homepage
  </a>
</div>
`;
