// Jest Snapshot v1, https://jestjs.io/docs/snapshot-testing

exports[`PageNotFound renders correctly 1`] = `
<div
  class="page markdown"
>
  <h1>
    الصفحة غير موجودة
  </h1>
  <p>
    الصفحة التي تبحث عنها أُزيلت أو نُقلت إلى مكان آخر.
  </p>
  <a
    class="no-underline inline-block py-[3px] px-[5px] text-[1.1rem] rounded-[5px] w-auto border border-[#175d96] text-[#175d96] hover:bg-[#175d96] hover:text-white"
    data-discover="true"
    href="/"
  >
    العودة للرئيسية
  </a>
</div>
`;
